
> blog-fe@0.0.0 build
> tsc -b && vite build

src/api/axiosInstance.ts(6,31): error TS2339: Property 'env' does not exist on type 'ImportMeta'.
src/components/pengunin.tsx(1,18): error TS2307: Cannot find module '@/assets/pengunin.svg' or its corresponding type declarations.
src/main.tsx(2,8): error TS2307: Cannot find module './index.css' or its corresponding type declarations.
src/utils/keycloakConfig.ts(4,22): error TS2339: Property 'env' does not exist on type 'ImportMeta'.
src/utils/keycloakConfig.ts(5,24): error TS2339: Property 'env' does not exist on type 'ImportMeta'.
src/utils/keycloakConfig.ts(6,27): error TS2339: Property 'env' does not exist on type 'ImportMeta'.
